.
└── cluster-gitops
    └── gitops
        ├── clusterversion.txt
        ├── crds
        │   ├── crds.json
        │   ├── crds.txt
        │   └── crds.yaml
        ├── must-gather-script-commands.txt
        ├── must-gather-script-no-output.txt
        ├── namespace_openshift-gitops_resources
        │   ├── argocd
        │   │   ├── applications
        │   │   ├── applicationsets
        │   │   ├── argocd.txt
        │   │   ├── logs
        │   │   │   ├── application-controller-logs.txt
        │   │   │   ├── dex-server-logs.txt
        │   │   │   ├── redis-logs.txt
        │   │   │   ├── repo-server-logs.txt
        │   │   │   └── server-logs.txt
        │   │   ├── openshift-gitops.json
        │   │   ├── openshift-gitops.txt
        │   │   ├── openshift-gitops.yaml
        │   │   └── sourceNamespaces.txt
        │   ├── deployments
        │   │   ├── cluster.json
        │   │   ├── cluster.txt
        │   │   ├── cluster.yaml
        │   │   ├── deployments.txt
        │   │   ├── kam.json
        │   │   ├── kam.txt
        │   │   ├── kam.yaml
        │   │   ├── openshift-gitops-applicationset-controller.json
        │   │   ├── openshift-gitops-applicationset-controller.txt
        │   │   ├── openshift-gitops-applicationset-controller.yaml
        │   │   ├── openshift-gitops-dex-server.json
        │   │   ├── openshift-gitops-dex-server.txt
        │   │   ├── openshift-gitops-dex-server.yaml
        │   │   ├── openshift-gitops-redis.json
        │   │   ├── openshift-gitops-redis.txt
        │   │   ├── openshift-gitops-redis.yaml
        │   │   ├── openshift-gitops-repo-server.json
        │   │   ├── openshift-gitops-repo-server.txt
        │   │   ├── openshift-gitops-repo-server.yaml
        │   │   ├── openshift-gitops-server.json
        │   │   ├── openshift-gitops-server.txt
        │   │   └── openshift-gitops-server.yaml
        │   ├── events
        │   ├── pods
        │   │   ├── cluster-xxxxxx-xxxxx.json
        │   │   ├── cluster-xxxxxx-xxxxx-logs.txt
        │   │   ├── cluster-xxxxxx-xxxxx.txt
        │   │   ├── cluster-xxxxxx-xxxxx.yaml
        │   │   ├── kam-xxxxxx-xxxxx.json
        │   │   ├── kam-xxxxxx-xxxxx-logs.txt
        │   │   ├── kam-xxxxxx-xxxxx.txt
        │   │   ├── kam-xxxxxx-xxxxx.yaml
        │   │   ├── openshift-gitops-application-controller-0.json
        │   │   ├── openshift-gitops-application-controller-0-logs.txt
        │   │   ├── openshift-gitops-application-controller-0.txt
        │   │   ├── openshift-gitops-application-controller-0.yaml
        │   │   ├── openshift-gitops-applicationset-controller-xxxxxx-xxxxx.json
        │   │   ├── openshift-gitops-applicationset-controller-xxxxxx-xxxxx-logs.txt
        │   │   ├── openshift-gitops-applicationset-controller-xxxxxx-xxxxx.txt
        │   │   ├── openshift-gitops-applicationset-controller-xxxxxx-xxxxx.yaml
        │   │   ├── openshift-gitops-dex-server-xxxxxx-xxxxx.json
        │   │   ├── openshift-gitops-dex-server-xxxxxx-xxxxx-logs.txt
        │   │   ├── openshift-gitops-dex-server-xxxxxx-xxxxx.txt
        │   │   ├── openshift-gitops-dex-server-xxxxxx-xxxxx.yaml
        │   │   ├── openshift-gitops-redis-xxxxxx-xxxxx.json
        │   │   ├── openshift-gitops-redis-xxxxxx-xxxxx-logs.txt
        │   │   ├── openshift-gitops-redis-xxxxxx-xxxxx.txt
        │   │   ├── openshift-gitops-redis-xxxxxx-xxxxx.yaml
        │   │   ├── openshift-gitops-repo-server-xxxxxx-xxxxx.json
        │   │   ├── openshift-gitops-repo-server-xxxxxx-xxxxx-logs.txt
        │   │   ├── openshift-gitops-repo-server-xxxxxx-xxxxx.txt
        │   │   ├── openshift-gitops-repo-server-xxxxxx-xxxxx.yaml
        │   │   ├── openshift-gitops-server-xxxxxx-xxxxx.json
        │   │   ├── openshift-gitops-server-xxxxxx-xxxxx-logs.txt
        │   │   ├── openshift-gitops-server-xxxxxx-xxxxx.txt
        │   │   ├── openshift-gitops-server-xxxxxx-xxxxx.yaml
        │   │   └── pods.txt
        │   ├── replicaSets
        │   │   ├── cluster-xxxxxx-xxxxx.json
        │   │   ├── cluster-xxxxxx-xxxxx.txt
        │   │   ├── cluster-xxxxxx-xxxxx.yaml
        │   │   ├── kam-xxxxxx-xxxxx.json
        │   │   ├── kam-xxxxxx-xxxxx.txt
        │   │   ├── kam-xxxxxx-xxxxx.yaml
        │   │   ├── openshift-gitops-applicationset-controller-xxxxxx-xxxxx.json
        │   │   ├── openshift-gitops-applicationset-controller-xxxxxx-xxxxx.txt
        │   │   ├── openshift-gitops-applicationset-controller-xxxxxx-xxxxx.yaml
        │   │   ├── openshift-gitops-dex-server-xxxxxx-xxxxx.json
        │   │   ├── openshift-gitops-dex-server-xxxxxx-xxxxx.txt
        │   │   ├── openshift-gitops-dex-server-xxxxxx-xxxxx.yaml
        │   │   ├── openshift-gitops-dex-server-xxxxxx-xxxxx.json
        │   │   ├── openshift-gitops-dex-server-xxxxxx-xxxxx.txt
        │   │   ├── openshift-gitops-dex-server-xxxxxx-xxxxx.yaml
        │   │   ├── openshift-gitops-redis-xxxxxx-xxxxx.json
        │   │   ├── openshift-gitops-redis-xxxxxx-xxxxx.txt
        │   │   ├── openshift-gitops-redis-xxxxxx-xxxxx.yaml
        │   │   ├── openshift-gitops-repo-server-xxxxxx-xxxxx.json
        │   │   ├── openshift-gitops-repo-server-xxxxxx-xxxxx.txt
        │   │   ├── openshift-gitops-repo-server-xxxxxx-xxxxx.yaml
        │   │   ├── openshift-gitops-server-xxxxxx-xxxxx.json
        │   │   ├── openshift-gitops-server-xxxxxx-xxxxx.txt
        │   │   ├── openshift-gitops-server-xxxxxx-xxxxx.yaml
        │   │   └── replicaSets.txt
        │   ├── routes
        │   │   ├── kam.json
        │   │   ├── kam.txt
        │   │   ├── kam.yaml
        │   │   ├── openshift-gitops-server.json
        │   │   ├── openshift-gitops-server.txt
        │   │   ├── openshift-gitops-server.yaml
        │   │   └── routes.txt
        │   ├── services
        │   │   ├── cluster.json
        │   │   ├── cluster.txt
        │   │   ├── cluster.yaml
        │   │   ├── kam.json
        │   │   ├── kam.txt
        │   │   ├── kam.yaml
        │   │   ├── openshift-gitops-applicationset-controller.json
        │   │   ├── openshift-gitops-applicationset-controller.txt
        │   │   ├── openshift-gitops-applicationset-controller.yaml
        │   │   ├── openshift-gitops-dex-server.json
        │   │   ├── openshift-gitops-dex-server.txt
        │   │   ├── openshift-gitops-dex-server.yaml
        │   │   ├── openshift-gitops-metrics.json
        │   │   ├── openshift-gitops-metrics.txt
        │   │   ├── openshift-gitops-metrics.yaml
        │   │   ├── openshift-gitops-redis.json
        │   │   ├── openshift-gitops-redis.txt
        │   │   ├── openshift-gitops-redis.yaml
        │   │   ├── openshift-gitops-repo-server.json
        │   │   ├── openshift-gitops-repo-server.txt
        │   │   ├── openshift-gitops-repo-server.yaml
        │   │   ├── openshift-gitops-server.json
        │   │   ├── openshift-gitops-server-metrics.json
        │   │   ├── openshift-gitops-server-metrics.txt
        │   │   ├── openshift-gitops-server-metrics.yaml
        │   │   ├── openshift-gitops-server.txt
        │   │   ├── openshift-gitops-server.yaml
        │   │   └── services.txt
        │   └── statefulsets
        │       ├── openshift-gitops-application-controller.json
        │       ├── openshift-gitops-application-controller.txt
        │       ├── openshift-gitops-application-controller.yaml
        │       └── statefulsets.txt
        ├── namespace_regina_resources
        │   ├── argocd
        │   │   ├── applications
        │   │   │   ├── applications.txt
        │   │   │   ├── guestbook.json
        │   │   │   ├── guestbook.txt
        │   │   │   └── guestbook.yaml
        │   │   ├── applicationsets
        │   │   │   ├── applicationsets.txt
        │   │   │   ├── guestbook.json
        │   │   │   ├── guestbook.txt
        │   │   │   └── guestbook.yaml
        │   │   ├── appprojects
        │   │   │   ├── appprojects.json
        │   │   │   ├── appprojects.txt
        │   │   │   └── appprojects.yaml
        │   │   ├── argocd.json
        │   │   ├── argocd.txt
        │   │   ├── argocd.yaml
        │   │   ├── logs
        │   │   │   ├── application-controller-logs.txt
        │   │   │   ├── dex-server-logs.txt
        │   │   │   ├── redis-logs.txt
        │   │   │   ├── repo-server-logs.txt
        │   │   │   └── server-logs.txt
        │   │   └── sourceNamespaces.txt
        │   ├── deployments
        │   │   ├── argocd-dex-server.json
        │   │   ├── argocd-dex-server.txt
        │   │   ├── argocd-dex-server.yaml
        │   │   ├── argocd-redis.json
        │   │   ├── argocd-redis.txt
        │   │   ├── argocd-redis.yaml
        │   │   ├── argocd-repo-server.json
        │   │   ├── argocd-repo-server.txt
        │   │   ├── argocd-repo-server.yaml
        │   │   ├── argocd-server.json
        │   │   ├── argocd-server.txt
        │   │   ├── argocd-server.yaml
        │   │   └── deployments.txt
        │   ├── events
        │   ├── pods
        │   │   ├── argocd-application-controller-0.json
        │   │   ├── argocd-application-controller-0-logs.txt
        │   │   ├── argocd-application-controller-0.txt
        │   │   ├── argocd-application-controller-0.yaml
        │   │   ├── argocd-dex-server-xxxxxx-xxxxx.json
        │   │   ├── argocd-dex-server-xxxxxx-xxxxx-logs.txt
        │   │   ├── argocd-dex-server-xxxxxx-xxxxx.txt
        │   │   ├── argocd-dex-server-xxxxxx-xxxxx.yaml
        │   │   ├── argocd-redis-xxxxxx-xxxxx.json
        │   │   ├── argocd-redis-xxxxxx-xxxxx-logs.txt
        │   │   ├── argocd-redis-xxxxxx-xxxxx.txt
        │   │   ├── argocd-redis-xxxxxx-xxxxx.yaml
        │   │   ├── argocd-repo-server-xxxxxx-xxxxx.json
        │   │   ├── argocd-repo-server-xxxxxx-xxxxx-logs.txt
        │   │   ├── argocd-repo-server-xxxxxx-xxxxx.txt
        │   │   ├── argocd-repo-server-xxxxxx-xxxxx.yaml
        │   │   ├── argocd-server-xxxxxx-xxxxx.json
        │   │   ├── argocd-server-xxxxxx-xxxxx-logs.txt
        │   │   ├── argocd-server-xxxxxx-xxxxx.txt
        │   │   ├── argocd-server-xxxxxx-xxxxx.yaml
        │   │   └── pods.txt
        │   ├── replicaSets
        │   │   ├── argocd-dex-server-xxxxxx-xxxxx.json
        │   │   ├── argocd-dex-server-xxxxxx-xxxxx.txt
        │   │   ├── argocd-dex-server-xxxxxx-xxxxx.yaml
        │   │   ├── argocd-dex-server-xxxxxx-xxxxx.json
        │   │   ├── argocd-dex-server-xxxxxx-xxxxx.txt
        │   │   ├── argocd-dex-server-xxxxxx-xxxxx.yaml
        │   │   ├── argocd-redis-xxxxxx-xxxxx.json
        │   │   ├── argocd-redis-xxxxxx-xxxxx.txt
        │   │   ├── argocd-redis-xxxxxx-xxxxx.yaml
        │   │   ├── argocd-repo-server-xxxxxx-xxxxx.json
        │   │   ├── argocd-repo-server-xxxxxx-xxxxx.txt
        │   │   ├── argocd-repo-server-xxxxxx-xxxxx.yaml
        │   │   ├── argocd-server-xxxxxx-xxxxx.json
        │   │   ├── argocd-server-xxxxxx-xxxxx.txt
        │   │   ├── argocd-server-xxxxxx-xxxxx.yaml
        │   │   └── replicaSets.txt
        │   ├── routes
        │   │   ├── argocd-server.json
        │   │   ├── argocd-server.txt
        │   │   ├── argocd-server.yaml
        │   │   └── routes.txt
        │   ├── services
        │   │   ├── argocd-dex-server.json
        │   │   ├── argocd-dex-server.txt
        │   │   ├── argocd-dex-server.yaml
        │   │   ├── argocd-metrics.json
        │   │   ├── argocd-metrics.txt
        │   │   ├── argocd-metrics.yaml
        │   │   ├── argocd-redis.json
        │   │   ├── argocd-redis.txt
        │   │   ├── argocd-redis.yaml
        │   │   ├── argocd-repo-server.json
        │   │   ├── argocd-repo-server.txt
        │   │   ├── argocd-repo-server.yaml
        │   │   ├── argocd-server.json
        │   │   ├── argocd-server-metrics.json
        │   │   ├── argocd-server-metrics.txt
        │   │   ├── argocd-server-metrics.yaml
        │   │   ├── argocd-server.txt
        │   │   ├── argocd-server.yaml
        │   │   └── services.txt
        │   └── statefulsets
        │       ├── argocd-application-controller.json
        │       ├── argocd-application-controller.txt
        │       ├── argocd-application-controller.yaml
        │       └── statefulsets.txt
        ├── oc-version.txt
        ├── subscription.json
        ├── subscription.txt
        ├── subscription.yaml
        └── version.txt

29 directories, 240 files
